                                                                                                                                                                                                                                                                                                                                                                                                                                                                                                                                                                                                                                                                                                                                                                                                                                                                                                                                                                                                                                                                                                                                                                                                                                                                                                                                                                                                                                                                                                                                                                                                                                                                                                                                                                                                                                                                                                                                                                                                                                                                                                                                                                                                                                                                                                                                                                                                                                                                                                                                                                                                                                                                                                                                                                                                                                                                                                                                                                                                                                                                                                                                                                                                                                                                                                                                                                                                                                                                                                                                                                                                                                                                                                                                                                                                                                                                                                                                                                                                                                                                                                                                                                                                                                                                                                                                                                                                                                                                                                                                                                                                                                                                                                                                                                                                                                                                                                                                                                                                                                                                                                                                                                                                                                                                                                                                                                                                                                                                                                                                                                                                                                                                                                                                                                                                                                                                                                                                                                                                                                                                                                                                                                                                                                                                                                                                                                                                                                                                                                                                                                                                                                                                                                                                                                                                                                                                                                                                                                                                                                                                                                                                                                                                                                                                                                                                                                                                                                                                                                                                                                                                                                                                                                                                                                                                                                                                                                                                                                                                                                                                                                                                                                                                                                                                                                                                                                                                                                                                                                                                                                                                                                                                                                                                                                                                                                                                                                                                                                                                                                                                                                                                                                                                                                                                                                                                                                                                                                                                                                                                                                                                                                                                                                                                                                                                                                                                                                                                                                                                                                                                                                                                                                                                                                                                                                                                                                                                                                                                                                                                                                                                                                                                                                                                                                                                                                                                                                                                                                                                                                                                                                                                                                                                                                                                                                                                                                                                                                                                                                                                                                                                                                                                                                                                                                                                                                                                                                                                                                                                                                                                                                                                                                                                                                                                                                                                                                                                                                                                                                                                                                                                                                                                                                                                                                                                                                                                                                                                                                                                                                                                                                                                                                                                                                                                                                                                                                                                                                                                                                                                                                                                                                                                                                                                                                                                                                                                                                                                                                                                                                                                                                                                                                                                                                                                                                                                                                                                                                                                                                                                                                                                                                                                                                                                                                                                                                                                                                                                                                                                                                                                                                                                                                                                                                                                                                                                                                                                                                                                                                                                                                                                                                                                                                                                                                                                                                                                                                                                                                                                                                                                                                                                                                                                                                                                                                                                                                                                                                                                                                                                                                                                                                                                                                                                                                                                                                                                                                                                                                                                                                                                                                                                                                                                                                                                                                                                                                                                                                                                                                                                                                                                                                                                                                                                                                                                                                                                                                                                                                                                                                                                                                                                                                                                                                                                                                                                                                                                                                                                                                                                                                                                                                                                                                                                                                                                                                                                                                                                                                                                                                                                                                                                                                                                                                                                                                                                                                                                                                                                                                                                                                                                                                                                                                                                                                                                                                                                                                                                                                                                                                                                                                                                                                                                                                                                                                                                                                                                                                                                                                                                                                                                                                                                                                                                                                                                                                                                                                                                                                                                                                                                                                                                                                                                                                                                                                                                                                                                                                                                                                                                                                                                                                                                                                                                                                                                                                                                                                                                                                                                                                                                                                                                                                                                                                                                                                                                                                                                                                                                                                                                                                                                                                                                                                                                                                                                                                                                                                                                                                                                                                                                                                                                                                                                                                                                                                                                                                                                                                                                                                                                                                                                                                                                                                                                                                                                                                                                                                                                                                                                                                                                                                                                                                                                                                                                                                                                                                                                                                                                                                                                                                                                                                                                                                                                                                                                                                                                                                                                                                                                                                                                                                                                                                                                                                                                                                                                                                                                                                                                                                                                                                                                                                                                                                                                                                                                                                                                                                                                                                                                                                                                                                                                                                                                                                                                                                                                                                                                                                                                                                                                                                                                                                                                                                                                                                                                                                                                                                                                                                                                                                                                                                                                                                                                                                                                                                                                                                                                                                                                                                                                                                                                                                                                                                                                                                                                                                                                                                                                                                                                                                                                                                                                                                                                                                                                                                                                                                                                                                                                                                                                                                                                                                                                                                                                                                                                                                                                                                                                                                                                                                                                                                                                                                                                                                                                                                                                                                                                                                                                                                                                                                                                                                                                                                                                                                                                                                                                                                                                                                                                                                                                                                                                                                                                                                                                                                                                                                                                                                                                                                                                                                                                                                                                                                                                                                                                                                                                                                                                                                                                                                                                                                                                                                                                                                                                                                                                                                                                                                                                                                                                                                                                                                                                                                                                                                                                                                                                                                                                                                                                                                                                                                                                                                                                                                                                                                                                                                                                                                                                                                                                                                                                                                                                                                                                                                                                                                                                                                                                                                                                                                                                                                                                                                                                                                                                                                                                                                                                                                                                                                                                                                                                                                                                                                                                                                                                                                                                                                                                                                                                                                                   [1] TRUE
                  [,1]             [,2]             [,3]             [,4]              [,5]             [,6]
[1,] -0.00000004140488 0.00000002252806 -0.0000001536563 -0.0000003110134  0.00000046320594  0.0000001755071
[2,] -0.00000015471190 0.00000020389594 -0.0000001489998 -0.0000004142962  0.00000011902595 -0.0000003421260
[3,] -0.00000041073811 0.00000048732137 -0.0000004208628  0.0000001000334 -0.00000008137547  0.0000001955038
[4,] -0.00000023775426 0.00000024447649 -0.0000001516053 -0.0000003982456  0.00000004424424 -0.0000002888207
[1] "tabela 1_1 ok"
                    [,1]               [,2]
[1,] -0.0000020071447572 0.0000086180721945
[2,] -0.0000000001797073 0.0000000004851080
[3,] -0.0000000003826169 0.0000000003603056
[4,]  0.0000000002722744 0.0000000032268659
[1] "tabela 1_2 ok"
                 r1               r2               r3               ri
r1  0.0000000000000  0.0000002432552  0.0000004468501 -0.0000006275544
r2  0.0000002432552  0.0000000000000  0.0000003787109 -0.0000003826392
r3  0.0000004468501  0.0000003787109  0.0000000000000 -0.0000002663255
ri -0.0000006275544 -0.0000003826392 -0.0000002663255  0.0000000000000
[1] "tabela 1_3 ok"
                  [,1]             [,2]            [,3]              [,4]             [,5]               [,6]
[1,]  0.00000047167584  0.0000001970948 0.0000004702940 -0.00000018849787  0.0000004730577 -0.000000446241091
[2,] -0.00000018682995  0.0000001622183 0.0000003023727 -0.00000016301076  0.0000003239674  0.000000193589666
[3,] -0.00000004648604 -0.0000001885906 0.0000001505447 -0.00000011795405 -0.0000002435168 -0.000000001104283
[4,]  0.00000032302178  0.0000002469039 0.0000002363216 -0.00000007737134  0.0000004097220 -0.000000280725467
[1] "tabela 2_1 ok"
                 r1m.h1.           r2m.h1.           r3m.h1.          rim.h1.
r1m.h1.  0.0000000000000 -0.00000048176673  0.00009993400411 -0.0000009061712
r2m.h1. -0.0000004817667  0.00000000000000 -0.00000008556812  0.0000002106095
r3m.h1.  0.0000999340041 -0.00000008556812  0.00000000000000 -0.0000002831406
rim.h1. -0.0000009061712  0.00000021060945 -0.00000028314061  0.0000000000000
[1] "tabela 2_2 ok"
                 r1m..h1.         r2m..h1.        r3m..h1.        rim..h1.
r1m..h1.  0.0000000000000 -0.0000003937330 0.0000002517351 0.0000000117217
r2m..h1. -0.0000003937330  0.0000000000000 0.0000002591628 0.0000001259777
r3m..h1.  0.0000002517351  0.0000002591628 0.0000000000000 0.0000003919531
rim..h1.  0.0000000117217  0.0000001259777 0.0000003919531 0.0000000000000
[1] "tabela 2_3 ok"
                 r1m              r2m               r3m               rim
r1m  0.0000000000000 -0.0000004704466 -0.00000033890432 -0.00000051123162
r2m -0.0000004704466  0.0000000000000 -0.00000001686380  0.00000038394024
r3m -0.0000003389043 -0.0000000168638  0.00000000000000  0.00000004359023
rim -0.0000005112316  0.0000003839402  0.00000004359023  0.00000000000000
[1] "tabela 2_4 ok"
                 [,1]              [,2]             [,3]             [,4]
[1,] 0.00000045756879  0.00000045121556 -0.0000002895907 -0.0000004644565
[2,] 0.00000021433045 -0.00000017551143  0.0000001028734  0.0000002858466
[3,] 0.00000010095589 -0.00000005841641 -0.0000004851446  0.0000003017797
[4,] 0.00000009748441  0.00000016355182  0.0000001503238  0.0000004749797
[1] "tabela 3_1 ok"
                  [,1]             [,2]              [,3]              [,4]
[1,]  0.00000020913419  0.0000004279882 -0.00000033099850 -0.00000001200172
[2,] -0.00000004391151  0.0000001471184 -0.00000031365539 -0.00000023102957
[3,] -0.00000018029985 -0.0000001578057  0.00000009114155 -0.00000034255449
[4,] -0.00000018207616 -0.0000002906377 -0.00000006871326 -0.00000045136967
[1] "tabela 3_2 ok"
           r1m        r2m       r3m        rim
r1m  -8.443095 -2.9763358 -5.719943 -20.663862
r2m  -2.976336 -0.4415439 -1.140557  -6.047821
r3m  -5.719943 -1.1405575 -2.055755  -8.498321
rim -20.663862 -6.0478208 -8.498321 -40.198269
[1] "tabela 3_3 ?????"
[1]  0.0003  0.0000 -0.0003
[1] "tabela 3_4 ok"
[1]  0.00003368946  0.00002337029 -0.00004932841
[1] "tabela 3_5 ok"
          [,1]      [,2]     [,3] [,4]            [,5]
[1,]  0.000015 -0.000021 0.000005    0 -0.000049544123
[2,] -0.000048  0.000010 0.000038    0  0.000022339140
[3,] -0.000004 -0.000017 0.000021    0 -0.000024985209
[4,]  0.000000 -0.000032 0.000032    0 -0.000001330233
[1] "tabela 3_6 ok"
                   [,1]                  [,2]               [,3]                [,4]
[1,] -0.000000549290489  0.000000010836622186 -0.000000716404690  0.0000000005410350
[2,]  0.000000000182135 -0.000000000224242812  0.000000003102524  0.0000000002272573
[3,]  0.000000004866604 -0.000000000005671887  0.000000001517068 -0.0000000003113290
[1] "tabela 4_1 ok"
               [,1]           [,2]           [,3]           [,4]
[1,] 0.000000000000 0.000002314098 0.000001936416 0.000002078768
[2,] 0.000002315098 0.000000000000 0.000001524181 0.000002243940
[3,] 0.000001936416 0.000001523181 0.000000000000 0.000002143590
[4,] 0.000002078768 0.000002239940 0.000002143590 0.000000000000
[1] "tabela 4_2 ok"
        spn res
1    191221  NA
2    165738  NA
3    175197  NA
4    173893  NA
5    170802  NA
6    178470  NA
7    171732  NA
8    171718  NA
9   s172535  NA
10   178724  NA
11   173062  NA
12   150124  NA
13   175125  NA
14   191216  NA
15   181081  14
16   173472  NA
17   175159  NA
18   171965  NA
19   191306  NA
20   173003  NA
21   160907  NA
22   178499  NA
23   172020  NA
24   172727  NA
25   178464  NA
26   174444  NA
27  s178605  NA
28 Arkusz38  NA
29  s175151  NA
30  s191302  NA
31   174445  NA
32   173894  NA
33  s170833  NA
34   174302  NA
35   191304  NA
36   169742  NA
37   191303  NA
38   122920  NA
        spn res
1    191221  NA
2    165738  NA
3    175197  NA
4    173893  NA
5    170802  NA
6    178470  NA
7    171732  NA
8    171718  NA
9   s172535  NA
10   178724  NA
11   173062  NA
12   150124  NA
13   175125  NA
14   191216  NA
15   181081  14
16   173472  NA
17   175159  NA
18   171965  NA
19   191306  NA
20   173003  NA
21   160907  NA
22   178499  NA
23   172020  NA
24   172727  NA
25   178464  NA
26   174444  NA
27  s178605  NA
28 Arkusz38  NA
29  s175151  NA
30  s191302  NA
31   174445  NA
32   173894  NA
33  s170833  NA
34   174302  NA
35   191304  NA
36   169742  NA
37   191303  NA
38   122920  NA
